RC522_driver.c:32:6:MFRC522_CS_RESET	0	static
RC522_driver.c:37:6:MFRC522_CS_SET	0	static
RC522_driver.c:42:9:SPI1SendByte	24	static
RC522_driver.c:53:6:SPI1_WriteReg	16	static
RC522_driver.c:61:9:SPI1_ReadReg	8	static
RC522_driver.c:72:6:MFRC522_WriteRegister	0	static
RC522_driver.c:78:9:MFRC522_ReadRegister	0	static
RC522_driver.c:97:9:MFRC522_Compare	8	static
RC522_driver.c:108:6:MFRC522_SetBitMask	16	static
RC522_driver.c:113:6:MFRC522_ClearBitMask	16	static
RC522_driver.c:131:9:MFRC522_ToCard	40	static
RC522_driver.c:118:9:MFRC522_Request	32	static
RC522_driver.c:214:9:MFRC522_Anticoll	32	static
RC522_driver.c:236:6:MFRC522_CalculateCRC	24	static
RC522_driver.c:262:9:MFRC522_SelectTag	32	static
RC522_driver.c:283:9:MFRC522_Auth	32	static
RC522_driver.c:305:9:MFRC522_Read	24	static
RC522_driver.c:319:9:MFRC522_Write	48	static
RC522_driver.c:358:6:MFRC522_Reset	0	static
RC522_driver.c:363:6:MFRC522_AntennaOn	8	static
RC522_driver.c:345:6:MFRC522_Init	8	static
RC522_driver.c:372:6:MFRC522_AntennaOff	0	static
RC522_driver.c:377:6:MFRC522_Halt	24	static
RC522_driver.c:87:9:MFRC522_Check	16	static
