19:42:38 **** Incremental Build of configuration Debug for project NRF24_test_NUCLEO_L073rz ****
Info: Internal Builder is used for build
arm-atollic-eabi-gcc -c -mthumb -mcpu=cortex-m0plus -std=gnu11 -D__weak=__attribute__((weak)) -D__packed=__attribute__((__packed__)) -DUSE_HAL_DRIVER -DSTM32L073xx -I../Inc -I../Drivers/STM32L0xx_HAL_Driver/Inc -I../Drivers/STM32L0xx_HAL_Driver/Inc/Legacy -I../Drivers/CMSIS/Device/ST/STM32L0xx/Include -I../Drivers/CMSIS/Include -Os -ffunction-sections -fdata-sections -g -fstack-usage -Wall -specs=nano.specs -o Src\main.o ..\Src\main.c 
..\Src\main.c: In function 'main':
..\Src\main.c:131:3: warning: implicit declaration of function 'sprintf' [-Wimplicit-function-declaration]
   sprintf(myDataack, "AckPayload:  %s \r\n", AckPayload);
   ^~~~~~~
..\Src\main.c:131:3: warning: incompatible implicit declaration of built-in function 'sprintf'
..\Src\main.c:131:3: note: include '<stdio.h>' or provide a declaration of 'sprintf'
arm-atollic-eabi-gcc -o NRF24_test_NUCLEO_L073rz.elf Drivers\STM32L0xx_HAL_Driver\Src\stm32l0xx_hal.o Drivers\STM32L0xx_HAL_Driver\Src\stm32l0xx_hal_cortex.o Drivers\STM32L0xx_HAL_Driver\Src\stm32l0xx_hal_dma.o Drivers\STM32L0xx_HAL_Driver\Src\stm32l0xx_hal_flash.o Drivers\STM32L0xx_HAL_Driver\Src\stm32l0xx_hal_flash_ex.o Drivers\STM32L0xx_HAL_Driver\Src\stm32l0xx_hal_flash_ramfunc.o Drivers\STM32L0xx_HAL_Driver\Src\stm32l0xx_hal_gpio.o Drivers\STM32L0xx_HAL_Driver\Src\stm32l0xx_hal_i2c.o Drivers\STM32L0xx_HAL_Driver\Src\stm32l0xx_hal_i2c_ex.o Drivers\STM32L0xx_HAL_Driver\Src\stm32l0xx_hal_pwr.o Drivers\STM32L0xx_HAL_Driver\Src\stm32l0xx_hal_pwr_ex.o Drivers\STM32L0xx_HAL_Driver\Src\stm32l0xx_hal_rcc.o Drivers\STM32L0xx_HAL_Driver\Src\stm32l0xx_hal_rcc_ex.o Drivers\STM32L0xx_HAL_Driver\Src\stm32l0xx_hal_spi.o Drivers\STM32L0xx_HAL_Driver\Src\stm32l0xx_hal_tim.o Drivers\STM32L0xx_HAL_Driver\Src\stm32l0xx_hal_tim_ex.o Drivers\STM32L0xx_HAL_Driver\Src\stm32l0xx_hal_uart.o Drivers\STM32L0xx_HAL_Driver\Src\stm32l0xx_hal_uart_ex.o Src\MY_NRF24.o Src\gpio.o Src\main.o Src\spi.o Src\stm32l0xx_hal_msp.o Src\stm32l0xx_it.o Src\syscalls.o Src\system_stm32l0xx.o Src\usart.o startup\startup_stm32l073xx.o -mthumb -mcpu=cortex-m0plus -T../STM32L073RZ_FLASH.ld -specs=nosys.specs -static -Wl,-Map=NRF24_test_NUCLEO_L073rz.map -Wl,--gc-sections -Wl,--defsym=malloc_getpagesize_P=0x80 -Wl,--start-group -lc -lm -Wl,--end-group -specs=nano.specs 
D:\Atollic\TrueSTUDIO for STM32 9.0.0\ide\jre\bin\java -jar D:\Atollic\TrueSTUDIO for STM32 9.0.0\Tools\arm-atollic-reports.jar sizeinfo list NRF24_test_NUCLEO_L073rz.elf 
Generate build reports...
Print size information
   text	   data	    bss	    dec	    hex	filename
  15508	    152	   2064	  17724	   453c	NRF24_test_NUCLEO_L073rz.elf
Print size information done
Generate listing file
Output sent to: NRF24_test_NUCLEO_L073rz.list
Generate listing file done
Generate build reports done
arm-atollic-eabi-objcopy.exe -O ihex NRF24_test_NUCLEO_L073rz.elf NRF24_test_NUCLEO_L073rz.hex 

19:42:39 Build Finished (took 964ms)

